=== ui-qa scenes=desktop,cc,settings:about
dhcp 0s; XSERVER=xorg; res=1024x768
wm: flwm-running  dock: wbar-running
MODES: 1280x800 1920x1080 1600x1200 1680x1050 1400x1050 1280x1024 1440x900 1280x960 1360x768 1280x768 1024x768 800x600 640x480 
OUTPUT: Virtual-1 primary
GEOM desktop
  "xxri-control-center":                         142x38+864+710
                                                 1x1+-1+-1
  "xxri-control-center":                         10x10+10+10
                                                 5x5+-200+-200
                                                 1x1+0+0
  "wbar":                                        338x63+343+690
SHOTREADY desktop
audio: {"api":1,"backend":"audio","volume":{"card":0,"control":"Master","volume":65,"muted":false}}
GEOM cc
  "xxri-control-center":                         266x150+742+598
                                                 1x1+-1+-1
  "xxri-control-center":                         10x10+10+10
                                                 5x5+-200+-200
                                                 1x1+0+0
  "wbar":                                        338x63+343+690
SHOTREADY cc
GEOM settings:about
                                                 986x690+0+0
  "XXRI Settings":                               980x660+3+26
                                                 1x1+-1+-1
  "xxri-settings":                               10x10+10+10
  "xxri-control-center":                         142x38+864+710
                                                 1x1+-1+-1
  "xxri-control-center":                         10x10+10+10
                                                 5x5+-200+-200
                                                 1x1+0+0
  "wbar":                                        338x63+343+690
SHOTREADY settings:about
SHOTS_DONE
